Success!
Content: [ThinkingBlock(signature='EoMECkYICxgCKkCgHomUMh1pqYWrtl73BBJ4Tj+mBj8jvAx2TlmqVjWDIztj28YQ4tanMz8FI875gfw/+9f39FRwhd2v+0uCfR6iEgxf+JGjhMP/mVawY+caDOWjK4aMLTig68e4SyIwWRhOguprY8MBg96Zm3CaqKJALFQXCC9CGH4bWoKolhjpMP4iKvYK4Dtra+lmsTzlKuoCk9yR/xwMQyOr40NtWh8MMSGYVGubkfQVESL2BQc/ElYM52flq5lUBhVlOposcxnXe8AfWKMXs+oBmFZMWo3F9znVWRULaLhzzvlUYnWhmz6Fmdn9lR4/xVqpFhWC0I2vZ8xcLTONY6bnPhAjp701zdIHt++7jYv2WdFQS6VKyjlWf6ZJdnlsVPMHVShd70tR4JuP3z9B9jbk+hcX/FJn6i+7NI/RUsJkOwOdydffYypB9qr/wfxtOtDmuctfRvz2SSUjS15K4WmglNhJSESWbwepYopGpMBnY9tsaw8CZiTvEgC8kkW/FhGy9OQPwf8evBAtmy0I7xDXlvG1kHIxEC4Gr4cvza7HJ570vGj6QCfQuHwXP9aRM51tjjD0r+DexSu/Zw47PeN8zaQEKIziHXNYl96kyMgL7igVPYjRIKiT+M1m+U0Jy6Mh0uioy0G/JSWrBLwAQcY0RNSghvOCS6bUC8rwvG/E9bwYAQ==', thinking='This is a simple addition problem. Let me work through it step by step.\n\n12 + 12\n\nI can think of this in several ways:\n\nMethod 1: Simple addition\n12 + 12 = 24\n\nMethod 2: Breaking it down\n12 + 12 = (10 + 2) + (10 + 2)\n= (10 + 10) + (2 + 2)\n= 20 + 4\n= 24\n\nMethod 3: Counting by 12s\nStarting at 12, add another 12: 12 → 24\n\nAll methods give us 24.', type='thinking'), TextBlock(citations=None, text='# 12 + 12 = ?\n\nLet me solve this step by step:\n\n**Step 1:** Break down each number into tens and ones\n- 12 = 10 + 2\n- 12 = 10 + 2\n\n**Step 2:** Add the tens together\n- 10 + 10 = 20\n\n**Step 3:** Add the ones together\n- 2 + 2 = 4\n\n**Step 4:** Combine the results\n- 20 + 4 = **24**\n\nTherefore, **12 + 12 = 24**', type='text')]